// Jest Snapshot v1, https://goo.gl/fbAQLP

exports[`Home page matches snapshot 1`] = `
<DocumentFragment>
  <h1
    class="pages__Title-u57y8x-0 gHVwuv"
  >
    My page
  </h1>
</DocumentFragment>
`;
